1782877585.856707 client started (7831): version 3.7, socket /tmp/tmux-1000/default, protocol 8
1782877585.856810 on Linux 7.0.14-arch1-1 #1 SMP PREEMPT_DYNAMIC Sat, 27 Jun 2026 16:15:10 +0000
1782877585.856872 using libevent 2.1.12-stable poll
1782877585.856906 using ncurses 6.6 20251230
1782877585.857129 flags are 0x18010000
1782877585.857202 socket is /tmp/tmux-1000/default
1782877585.857255 trying connect
1782877585.857440 connect failed: Connection refused
1782877585.857495 lock file is /tmp/tmux-1000/default.lock
1782877585.857579 flock succeeded
1782877585.857614 got lock (6)
1782877585.857659 trying connect
1782877585.857712 connect failed: Connection refused
1782877585.858351 add peer 0x55c04b334d20: 7 ((nil))
1782877585.859942 sending message 111 to peer 0x55c04b334d20 (8 bytes)
1782877585.860107 sending message 111 to peer 0x55c04b334d20 (8 bytes)
1782877585.860160 sending message 101 to peer 0x55c04b334d20 (14 bytes)
1782877585.860193 sending message 109 to peer 0x55c04b334d20 (4 bytes)
1782877585.860221 sending message 102 to peer 0x55c04b334d20 (11 bytes)
1782877585.860248 sending message 108 to peer 0x55c04b334d20 (40 bytes)
1782877585.860273 sending message 112 to peer 0x55c04b334d20 (70 bytes)
1782877585.860297 sending message 112 to peer 0x55c04b334d20 (5 bytes)
1782877585.860321 sending message 112 to peer 0x55c04b334d20 (5 bytes)
1782877585.860344 sending message 112 to peer 0x55c04b334d20 (6 bytes)
1782877585.860368 sending message 112 to peer 0x55c04b334d20 (6 bytes)
1782877585.860392 sending message 112 to peer 0x55c04b334d20 (11 bytes)
1782877585.860417 sending message 112 to peer 0x55c04b334d20 (10 bytes)
1782877585.860441 sending message 112 to peer 0x55c04b334d20 (13 bytes)
1782877585.860464 sending message 112 to peer 0x55c04b334d20 (14 bytes)
1782877585.860488 sending message 112 to peer 0x55c04b334d20 (9 bytes)
1782877585.860511 sending message 112 to peer 0x55c04b334d20 (21 bytes)
1782877585.860535 sending message 112 to peer 0x55c04b334d20 (19 bytes)
1782877585.860558 sending message 112 to peer 0x55c04b334d20 (11 bytes)
1782877585.860583 sending message 112 to peer 0x55c04b334d20 (21 bytes)
1782877585.860609 sending message 112 to peer 0x55c04b334d20 (13 bytes)
1782877585.860633 sending message 112 to peer 0x55c04b334d20 (7 bytes)
1782877585.860658 sending message 112 to peer 0x55c04b334d20 (13 bytes)
1782877585.860682 sending message 112 to peer 0x55c04b334d20 (7 bytes)
1782877585.860707 sending message 112 to peer 0x55c04b334d20 (13 bytes)
1782877585.860732 sending message 112 to peer 0x55c04b334d20 (9 bytes)
1782877585.860756 sending message 112 to peer 0x55c04b334d20 (21 bytes)
1782877585.860781 sending message 112 to peer 0x55c04b334d20 (13 bytes)
1782877585.860807 sending message 112 to peer 0x55c04b334d20 (9 bytes)
1782877585.860833 sending message 112 to peer 0x55c04b334d20 (16 bytes)
1782877585.860858 sending message 112 to peer 0x55c04b334d20 (13 bytes)
1782877585.860883 sending message 112 to peer 0x55c04b334d20 (9 bytes)
1782877585.860907 sending message 112 to peer 0x55c04b334d20 (9 bytes)
1782877585.860932 sending message 112 to peer 0x55c04b334d20 (12 bytes)
1782877585.860958 sending message 112 to peer 0x55c04b334d20 (8 bytes)
1782877585.861014 sending message 112 to peer 0x55c04b334d20 (12 bytes)
1782877585.861040 sending message 112 to peer 0x55c04b334d20 (8 bytes)
1782877585.861065 sending message 112 to peer 0x55c04b334d20 (13 bytes)
1782877585.861089 sending message 112 to peer 0x55c04b334d20 (7 bytes)
1782877585.861113 sending message 112 to peer 0x55c04b334d20 (7 bytes)
1782877585.861137 sending message 112 to peer 0x55c04b334d20 (9 bytes)
1782877585.861164 sending message 112 to peer 0x55c04b334d20 (12 bytes)
1782877585.861189 sending message 112 to peer 0x55c04b334d20 (6 bytes)
1782877585.861214 sending message 112 to peer 0x55c04b334d20 (9 bytes)
1782877585.861238 sending message 112 to peer 0x55c04b334d20 (15 bytes)
1782877585.861265 sending message 112 to peer 0x55c04b334d20 (13 bytes)
1782877585.861296 sending message 112 to peer 0x55c04b334d20 (9 bytes)
1782877585.861327 sending message 112 to peer 0x55c04b334d20 (12 bytes)
1782877585.861388 sending message 112 to peer 0x55c04b334d20 (8 bytes)
1782877585.861444 sending message 112 to peer 0x55c04b334d20 (14 bytes)
1782877585.861474 sending message 112 to peer 0x55c04b334d20 (11 bytes)
1782877585.861506 sending message 112 to peer 0x55c04b334d20 (9 bytes)
1782877585.861533 sending message 112 to peer 0x55c04b334d20 (10 bytes)
1782877585.861558 sending message 112 to peer 0x55c04b334d20 (10 bytes)
1782877585.861581 sending message 112 to peer 0x55c04b334d20 (10 bytes)
1782877585.861606 sending message 112 to peer 0x55c04b334d20 (10 bytes)
1782877585.861638 sending message 112 to peer 0x55c04b334d20 (11 bytes)
1782877585.861666 sending message 112 to peer 0x55c04b334d20 (12 bytes)
1782877585.861692 sending message 112 to peer 0x55c04b334d20 (12 bytes)
1782877585.861738 sending message 112 to peer 0x55c04b334d20 (12 bytes)
1782877585.861772 sending message 112 to peer 0x55c04b334d20 (12 bytes)
1782877585.861806 sending message 112 to peer 0x55c04b334d20 (12 bytes)
1782877585.861838 sending message 112 to peer 0x55c04b334d20 (11 bytes)
1782877585.861871 sending message 112 to peer 0x55c04b334d20 (11 bytes)
1782877585.861900 sending message 112 to peer 0x55c04b334d20 (12 bytes)
1782877585.861926 sending message 112 to peer 0x55c04b334d20 (12 bytes)
1782877585.861951 sending message 112 to peer 0x55c04b334d20 (12 bytes)
1782877585.862002 sending message 112 to peer 0x55c04b334d20 (12 bytes)
1782877585.862036 sending message 112 to peer 0x55c04b334d20 (12 bytes)
1782877585.862068 sending message 112 to peer 0x55c04b334d20 (9 bytes)
1782877585.862101 sending message 112 to peer 0x55c04b334d20 (12 bytes)
1782877585.862135 sending message 112 to peer 0x55c04b334d20 (13 bytes)
1782877585.862163 sending message 112 to peer 0x55c04b334d20 (13 bytes)
1782877585.862194 sending message 112 to peer 0x55c04b334d20 (13 bytes)
1782877585.862236 sending message 112 to peer 0x55c04b334d20 (13 bytes)
1782877585.862263 sending message 112 to peer 0x55c04b334d20 (13 bytes)
1782877585.862292 sending message 112 to peer 0x55c04b334d20 (8 bytes)
1782877585.862319 sending message 112 to peer 0x55c04b334d20 (11 bytes)
1782877585.862345 sending message 112 to peer 0x55c04b334d20 (11 bytes)
1782877585.862379 sending message 112 to peer 0x55c04b334d20 (11 bytes)
1782877585.862408 sending message 112 to peer 0x55c04b334d20 (12 bytes)
1782877585.862435 sending message 112 to peer 0x55c04b334d20 (12 bytes)
1782877585.862460 sending message 112 to peer 0x55c04b334d20 (12 bytes)
1782877585.862488 sending message 112 to peer 0x55c04b334d20 (12 bytes)
1782877585.862516 sending message 112 to peer 0x55c04b334d20 (13 bytes)
1782877585.862547 sending message 112 to peer 0x55c04b334d20 (13 bytes)
1782877585.862576 sending message 112 to peer 0x55c04b334d20 (13 bytes)
1782877585.862611 sending message 112 to peer 0x55c04b334d20 (8 bytes)
1782877585.862641 sending message 112 to peer 0x55c04b334d20 (13 bytes)
1782877585.862668 sending message 112 to peer 0x55c04b334d20 (13 bytes)
1782877585.862699 sending message 112 to peer 0x55c04b334d20 (13 bytes)
1782877585.862724 sending message 112 to peer 0x55c04b334d20 (13 bytes)
1782877585.862750 sending message 112 to peer 0x55c04b334d20 (13 bytes)
1782877585.862778 sending message 112 to peer 0x55c04b334d20 (12 bytes)
1782877585.862808 sending message 112 to peer 0x55c04b334d20 (12 bytes)
1782877585.862838 sending message 112 to peer 0x55c04b334d20 (12 bytes)
1782877585.862866 sending message 112 to peer 0x55c04b334d20 (12 bytes)
1782877585.862891 sending message 112 to peer 0x55c04b334d20 (13 bytes)
1782877585.862923 sending message 112 to peer 0x55c04b334d20 (8 bytes)
1782877585.862950 sending message 112 to peer 0x55c04b334d20 (13 bytes)
1782877585.863053 sending message 112 to peer 0x55c04b334d20 (13 bytes)
1782877585.863176 sending message 112 to peer 0x55c04b334d20 (13 bytes)
1782877585.863206 sending message 112 to peer 0x55c04b334d20 (13 bytes)
1782877585.863232 sending message 112 to peer 0x55c04b334d20 (13 bytes)
1782877585.863258 sending message 112 to peer 0x55c04b334d20 (13 bytes)
1782877585.863305 sending message 112 to peer 0x55c04b334d20 (13 bytes)
1782877585.863356 sending message 112 to peer 0x55c04b334d20 (12 bytes)
1782877585.863386 sending message 112 to peer 0x55c04b334d20 (12 bytes)
1782877585.863413 sending message 112 to peer 0x55c04b334d20 (12 bytes)
1782877585.863441 sending message 112 to peer 0x55c04b334d20 (8 bytes)
1782877585.863474 sending message 112 to peer 0x55c04b334d20 (12 bytes)
1782877585.863506 sending message 112 to peer 0x55c04b334d20 (13 bytes)
1782877585.863531 sending message 112 to peer 0x55c04b334d20 (13 bytes)
1782877585.863557 sending message 112 to peer 0x55c04b334d20 (13 bytes)
1782877585.863587 sending message 112 to peer 0x55c04b334d20 (13 bytes)
1782877585.863613 sending message 112 to peer 0x55c04b334d20 (13 bytes)
1782877585.863637 sending message 112 to peer 0x55c04b334d20 (13 bytes)
1782877585.863661 sending message 112 to peer 0x55c04b334d20 (13 bytes)
1782877585.863691 sending message 112 to peer 0x55c04b334d20 (13 bytes)
1782877585.863721 sending message 112 to peer 0x55c04b334d20 (12 bytes)
1782877585.863750 sending message 112 to peer 0x55c04b334d20 (10 bytes)
1782877585.863778 sending message 112 to peer 0x55c04b334d20 (12 bytes)
1782877585.863803 sending message 112 to peer 0x55c04b334d20 (12 bytes)
1782877585.863833 sending message 112 to peer 0x55c04b334d20 (12 bytes)
1782877585.863865 sending message 112 to peer 0x55c04b334d20 (13 bytes)
1782877585.863895 sending message 112 to peer 0x55c04b334d20 (13 bytes)
1782877585.863921 sending message 112 to peer 0x55c04b334d20 (13 bytes)
1782877585.863952 sending message 112 to peer 0x55c04b334d20 (13 bytes)
1782877585.864027 sending message 112 to peer 0x55c04b334d20 (13 bytes)
1782877585.864058 sending message 112 to peer 0x55c04b334d20 (13 bytes)
1782877585.864087 sending message 112 to peer 0x55c04b334d20 (13 bytes)
1782877585.864112 sending message 112 to peer 0x55c04b334d20 (10 bytes)
1782877585.864137 sending message 112 to peer 0x55c04b334d20 (13 bytes)
1782877585.864162 sending message 112 to peer 0x55c04b334d20 (12 bytes)
1782877585.864192 sending message 112 to peer 0x55c04b334d20 (12 bytes)
1782877585.864219 sending message 112 to peer 0x55c04b334d20 (12 bytes)
1782877585.864247 sending message 112 to peer 0x55c04b334d20 (10 bytes)
1782877585.864273 sending message 112 to peer 0x55c04b334d20 (10 bytes)
1782877585.864300 sending message 112 to peer 0x55c04b334d20 (10 bytes)
1782877585.864327 sending message 112 to peer 0x55c04b334d20 (12 bytes)
1782877585.864355 sending message 112 to peer 0x55c04b334d20 (13 bytes)
1782877585.864386 sending message 112 to peer 0x55c04b334d20 (13 bytes)
1782877585.864411 sending message 112 to peer 0x55c04b334d20 (13 bytes)
1782877585.864442 sending message 112 to peer 0x55c04b334d20 (13 bytes)
1782877585.864471 sending message 112 to peer 0x55c04b334d20 (13 bytes)
1782877585.864498 sending message 112 to peer 0x55c04b334d20 (10 bytes)
1782877585.864524 sending message 112 to peer 0x55c04b334d20 (11 bytes)
1782877585.864548 sending message 112 to peer 0x55c04b334d20 (12 bytes)
1782877585.864576 sending message 112 to peer 0x55c04b334d20 (12 bytes)
1782877585.864601 sending message 112 to peer 0x55c04b334d20 (12 bytes)
1782877585.864628 sending message 112 to peer 0x55c04b334d20 (12 bytes)
1782877585.864659 sending message 112 to peer 0x55c04b334d20 (12 bytes)
1782877585.864686 sending message 112 to peer 0x55c04b334d20 (11 bytes)
1782877585.864714 sending message 112 to peer 0x55c04b334d20 (12 bytes)
1782877585.864744 sending message 112 to peer 0x55c04b334d20 (12 bytes)
1782877585.864769 sending message 112 to peer 0x55c04b334d20 (13 bytes)
1782877585.864795 sending message 112 to peer 0x55c04b334d20 (13 bytes)
1782877585.864824 sending message 112 to peer 0x55c04b334d20 (13 bytes)
1782877585.864855 sending message 112 to peer 0x55c04b334d20 (13 bytes)
1782877585.864884 sending message 112 to peer 0x55c04b334d20 (13 bytes)
1782877585.864916 sending message 112 to peer 0x55c04b334d20 (10 bytes)
1782877585.864961 sending message 112 to peer 0x55c04b334d20 (9 bytes)
1782877585.865050 sending message 112 to peer 0x55c04b334d20 (12 bytes)
1782877585.865078 sending message 112 to peer 0x55c04b334d20 (13 bytes)
1782877585.865104 sending message 112 to peer 0x55c04b334d20 (13 bytes)
1782877585.865134 sending message 112 to peer 0x55c04b334d20 (13 bytes)
1782877585.865162 sending message 112 to peer 0x55c04b334d20 (13 bytes)
1782877585.865194 sending message 112 to peer 0x55c04b334d20 (13 bytes)
1782877585.865221 sending message 112 to peer 0x55c04b334d20 (9 bytes)
1782877585.865248 sending message 112 to peer 0x55c04b334d20 (12 bytes)
1782877585.865273 sending message 112 to peer 0x55c04b334d20 (13 bytes)
1782877585.865300 sending message 112 to peer 0x55c04b334d20 (13 bytes)
1782877585.865328 sending message 112 to peer 0x55c04b334d20 (13 bytes)
1782877585.865353 sending message 112 to peer 0x55c04b334d20 (13 bytes)
1782877585.865381 sending message 112 to peer 0x55c04b334d20 (13 bytes)
1782877585.865409 sending message 112 to peer 0x55c04b334d20 (11 bytes)
1782877585.865438 sending message 112 to peer 0x55c04b334d20 (12 bytes)
1782877585.865466 sending message 112 to peer 0x55c04b334d20 (13 bytes)
1782877585.865496 sending message 112 to peer 0x55c04b334d20 (13 bytes)
1782877585.865525 sending message 112 to peer 0x55c04b334d20 (13 bytes)
1782877585.865550 sending message 112 to peer 0x55c04b334d20 (13 bytes)
1782877585.865578 sending message 112 to peer 0x55c04b334d20 (13 bytes)
1782877585.865605 sending message 112 to peer 0x55c04b334d20 (11 bytes)
1782877585.865633 sending message 112 to peer 0x55c04b334d20 (12 bytes)
1782877585.865657 sending message 112 to peer 0x55c04b334d20 (12 bytes)
1782877585.865687 sending message 112 to peer 0x55c04b334d20 (12 bytes)
1782877585.865716 sending message 112 to peer 0x55c04b334d20 (12 bytes)
1782877585.865744 sending message 112 to peer 0x55c04b334d20 (12 bytes)
1782877585.865770 sending message 112 to peer 0x55c04b334d20 (21 bytes)
1782877585.865794 sending message 112 to peer 0x55c04b334d20 (12 bytes)
1782877585.865821 sending message 112 to peer 0x55c04b334d20 (9 bytes)
1782877585.865844 sending message 112 to peer 0x55c04b334d20 (6 bytes)
1782877585.865873 sending message 112 to peer 0x55c04b334d20 (13 bytes)
1782877585.865899 sending message 112 to peer 0x55c04b334d20 (10 bytes)
1782877585.865929 sending message 112 to peer 0x55c04b334d20 (15 bytes)
1782877585.865956 sending message 112 to peer 0x55c04b334d20 (13 bytes)
1782877585.866070 sending message 112 to peer 0x55c04b334d20 (9 bytes)
1782877585.866103 sending message 112 to peer 0x55c04b334d20 (70 bytes)
1782877585.866133 sending message 112 to peer 0x55c04b334d20 (69 bytes)
1782877585.866165 sending message 112 to peer 0x55c04b334d20 (34 bytes)
1782877585.866193 sending message 112 to peer 0x55c04b334d20 (34 bytes)
1782877585.866226 sending message 112 to peer 0x55c04b334d20 (70 bytes)
1782877585.866261 sending message 112 to peer 0x55c04b334d20 (12 bytes)
1782877585.866389 sending message 112 to peer 0x55c04b334d20 (10 bytes)
1782877585.866424 sending message 112 to peer 0x55c04b334d20 (10 bytes)
1782877585.866451 sending message 112 to peer 0x55c04b334d20 (15 bytes)
1782877585.866476 sending message 112 to peer 0x55c04b334d20 (13 bytes)
1782877585.866504 sending message 112 to peer 0x55c04b334d20 (10 bytes)
1782877585.866531 sending message 112 to peer 0x55c04b334d20 (10 bytes)
1782877585.866560 sending message 112 to peer 0x55c04b334d20 (17 bytes)
1782877585.866587 sending message 112 to peer 0x55c04b334d20 (10 bytes)
1782877585.866614 sending message 112 to peer 0x55c04b334d20 (13 bytes)
1782877585.866641 sending message 112 to peer 0x55c04b334d20 (32 bytes)
1782877585.866670 sending message 112 to peer 0x55c04b334d20 (5 bytes)
1782877585.866698 sending message 112 to peer 0x55c04b334d20 (9 bytes)
1782877585.866727 sending message 112 to peer 0x55c04b334d20 (15 bytes)
1782877585.866753 sending message 112 to peer 0x55c04b334d20 (5 bytes)
1782877585.866789 sending message 104 to peer 0x55c04b334d20 (0 bytes)
1782877585.866842 sending message 110 to peer 0x55c04b334d20 (0 bytes)
1782877585.866892 sending message 107 to peer 0x55c04b334d20 (4 bytes)
1782877585.866921 sending message 105 to peer 0x55c04b334d20 (33 bytes)
1782877585.866946 sending message 105 to peer 0x55c04b334d20 (50 bytes)
1782877585.867001 sending message 105 to peer 0x55c04b334d20 (16 bytes)
1782877585.867031 sending message 105 to peer 0x55c04b334d20 (29 bytes)
1782877585.867065 sending message 105 to peer 0x55c04b334d20 (54 bytes)
1782877585.867095 sending message 105 to peer 0x55c04b334d20 (23 bytes)
1782877585.867120 sending message 105 to peer 0x55c04b334d20 (25 bytes)
1782877585.867149 sending message 105 to peer 0x55c04b334d20 (30 bytes)
1782877585.867180 sending message 105 to peer 0x55c04b334d20 (50 bytes)
1782877585.867205 sending message 105 to peer 0x55c04b334d20 (24 bytes)
1782877585.867232 sending message 105 to peer 0x55c04b334d20 (16 bytes)
1782877585.867263 sending message 105 to peer 0x55c04b334d20 (20 bytes)
1782877585.867290 sending message 105 to peer 0x55c04b334d20 (25 bytes)
1782877585.867318 sending message 105 to peer 0x55c04b334d20 (25 bytes)
1782877585.867349 sending message 105 to peer 0x55c04b334d20 (26 bytes)
1782877585.867376 sending message 105 to peer 0x55c04b334d20 (22 bytes)
1782877585.867404 sending message 105 to peer 0x55c04b334d20 (15 bytes)
1782877585.867432 sending message 105 to peer 0x55c04b334d20 (25 bytes)
1782877585.867463 sending message 105 to peer 0x55c04b334d20 (20 bytes)
1782877585.867491 sending message 105 to peer 0x55c04b334d20 (52 bytes)
1782877585.867521 sending message 105 to peer 0x55c04b334d20 (17 bytes)
1782877585.867549 sending message 105 to peer 0x55c04b334d20 (17 bytes)
1782877585.867580 sending message 105 to peer 0x55c04b334d20 (19 bytes)
1782877585.867610 sending message 105 to peer 0x55c04b334d20 (11 bytes)
1782877585.867640 sending message 105 to peer 0x55c04b334d20 (31 bytes)
1782877585.867665 sending message 105 to peer 0x55c04b334d20 (41 bytes)
1782877585.867696 sending message 105 to peer 0x55c04b334d20 (40 bytes)
1782877585.867722 sending message 105 to peer 0x55c04b334d20 (42 bytes)
1782877585.867748 sending message 105 to peer 0x55c04b334d20 (27 bytes)
1782877585.867775 sending message 105 to peer 0x55c04b334d20 (15 bytes)
1782877585.867806 sending message 105 to peer 0x55c04b334d20 (38 bytes)
1782877585.867838 sending message 105 to peer 0x55c04b334d20 (75 bytes)
1782877585.867868 sending message 105 to peer 0x55c04b334d20 (22 bytes)
1782877585.867893 sending message 105 to peer 0x55c04b334d20 (21 bytes)
1782877585.867924 sending message 105 to peer 0x55c04b334d20 (281 bytes)
1782877585.867954 sending message 105 to peer 0x55c04b334d20 (20 bytes)
1782877585.868013 sending message 105 to peer 0x55c04b334d20 (12 bytes)
1782877585.868045 sending message 105 to peer 0x55c04b334d20 (58 bytes)
1782877585.868074 sending message 105 to peer 0x55c04b334d20 (23 bytes)
1782877585.868103 sending message 105 to peer 0x55c04b334d20 (20 bytes)
1782877585.868133 sending message 105 to peer 0x55c04b334d20 (8 bytes)
1782877585.868164 sending message 105 to peer 0x55c04b334d20 (25 bytes)
1782877585.868196 sending message 105 to peer 0x55c04b334d20 (11 bytes)
1782877585.868225 sending message 105 to peer 0x55c04b334d20 (125 bytes)
1782877585.868257 sending message 105 to peer 0x55c04b334d20 (16 bytes)
1782877585.868284 sending message 105 to peer 0x55c04b334d20 (52 bytes)
1782877585.868313 sending message 105 to peer 0x55c04b334d20 (25 bytes)
1782877585.868342 sending message 105 to peer 0x55c04b334d20 (51 bytes)
1782877585.868374 sending message 105 to peer 0x55c04b334d20 (47 bytes)
1782877585.868404 sending message 105 to peer 0x55c04b334d20 (23 bytes)
1782877585.868432 sending message 105 to peer 0x55c04b334d20 (20 bytes)
1782877585.868462 sending message 105 to peer 0x55c04b334d20 (20 bytes)
1782877585.868491 sending message 105 to peer 0x55c04b334d20 (17 bytes)
1782877585.868520 sending message 105 to peer 0x55c04b334d20 (21 bytes)
1782877585.868549 sending message 105 to peer 0x55c04b334d20 (21 bytes)
1782877585.868597 sending message 105 to peer 0x55c04b334d20 (14 bytes)
1782877585.868637 sending message 105 to peer 0x55c04b334d20 (44 bytes)
1782877585.868668 sending message 105 to peer 0x55c04b334d20 (12 bytes)
1782877585.868696 sending message 105 to peer 0x55c04b334d20 (27 bytes)
1782877585.868722 sending message 106 to peer 0x55c04b334d20 (0 bytes)
1782877585.869075 sending message 200 to peer 0x55c04b334d20 (4 bytes)
1782877585.869117 client loop enter
1782877585.869203 client_signal: Child exited
1782877586.040990 peer 0x55c04b334d20 message 207
1782877586.041007 sending message 208 to peer 0x55c04b334d20 (0 bytes)
1782877589.207869 peer 0x55c04b334d20 message 203
1782877589.207906 sending message 205 to peer 0x55c04b334d20 (0 bytes)
1782877589.208937 peer 0x55c04b334d20 message 204
1782877589.209043 client loop exit
